------------------------------------------------------------
TimeQuest Timing Analyzer Summary
------------------------------------------------------------

Type  : Slow 1200mV 85C Model Setup 'Hab_Dato'
Slack : -0.718
TNS   : -1.377

Type  : Slow 1200mV 85C Model Setup 'Hab_Dir'
Slack : -0.251
TNS   : -0.701

Type  : Slow 1200mV 85C Model Hold 'Hab_Dir'
Slack : 0.404
TNS   : 0.000

Type  : Slow 1200mV 85C Model Hold 'Hab_Dato'
Slack : 0.543
TNS   : 0.000

Type  : Slow 1200mV 85C Model Minimum Pulse Width 'Hab_Dir'
Slack : -3.000
TNS   : -15.850

Type  : Slow 1200mV 85C Model Minimum Pulse Width 'Hab_Dato'
Slack : -3.000
TNS   : -6.855

Type  : Slow 1200mV 0C Model Setup 'Hab_Dato'
Slack : -0.552
TNS   : -0.927

Type  : Slow 1200mV 0C Model Setup 'Hab_Dir'
Slack : -0.120
TNS   : -0.248

Type  : Slow 1200mV 0C Model Hold 'Hab_Dir'
Slack : 0.356
TNS   : 0.000

Type  : Slow 1200mV 0C Model Hold 'Hab_Dato'
Slack : 0.495
TNS   : 0.000

Type  : Slow 1200mV 0C Model Minimum Pulse Width 'Hab_Dir'
Slack : -3.000
TNS   : -15.850

Type  : Slow 1200mV 0C Model Minimum Pulse Width 'Hab_Dato'
Slack : -3.000
TNS   : -6.855

Type  : Fast 1200mV 0C Model Setup 'Hab_Dato'
Slack : 0.189
TNS   : 0.000

Type  : Fast 1200mV 0C Model Setup 'Hab_Dir'
Slack : 0.387
TNS   : 0.000

Type  : Fast 1200mV 0C Model Hold 'Hab_Dir'
Slack : 0.184
TNS   : 0.000

Type  : Fast 1200mV 0C Model Hold 'Hab_Dato'
Slack : 0.248
TNS   : 0.000

Type  : Fast 1200mV 0C Model Minimum Pulse Width 'Hab_Dir'
Slack : -3.000
TNS   : -14.031

Type  : Fast 1200mV 0C Model Minimum Pulse Width 'Hab_Dato'
Slack : -3.000
TNS   : -6.328

------------------------------------------------------------
